.XWinrc
.backupMyenv.bat
.backupMyenv.sh
.bash_profile
.bashrc
.cshrc
.curlrc
.dir_colors
.fonts/consola.ttf
.fonts/consolab.ttf
.fonts/consolai.ttf
.fonts/consolaz.ttf
.fonts/cour.ttf
.fonts/courbd.ttf
.fonts/courbi.ttf
.fonts/couri.ttf
.fonts/fonts.dir
.fonts/kde-override/fonts.dir
.gitattributes
.gitignore
.inputrc
.msmtprc
.muttrc
.myenv/README.txt
.myenv/conf/ahk/alttab.ahk
.myenv/conf/ahk/alttab.ini
.myenv/conf/ahk/autocorrect.ahk
.myenv/conf/ahk/autocorrect.ahk.original
.myenv/conf/ahk/myhotstring.ahk
.myenv/conf/ahk/mysettings.ahk
.myenv/conf/ahk/test.ahk
.myenv/conf/ahk/z/BlackScreenSaver.scr
.myenv/conf/ahk/z/BlackScreenSaver.scr_Candidate2
.myenv/conf/ahk/z/ClipStep.ahk
.myenv/conf/ahk/z/DesktopSwitch.ahk
.myenv/conf/autokey/README
.myenv/conf/autokey/autokey.json
.myenv/conf/autokey/autokey.json.bak.forVer0.7
.myenv/conf/autokey/data/MyHotString/.ffdate.json
.myenv/conf/autokey/data/MyHotString/.ffdati.json
.myenv/conf/autokey/data/MyHotString/.folder.json
.myenv/conf/autokey/data/MyHotString/ffdate.py
.myenv/conf/autokey/data/MyHotString/ffdati.py
.myenv/conf/autokey/data/MySettings/.A_Template.json
.myenv/conf/autokey/data/MySettings/.folder.json
.myenv/conf/autokey/data/MySettings/.misc_copy_to_file.json
.myenv/conf/autokey/data/MySettings/.misc_desktop.json
.myenv/conf/autokey/data/MySettings/.misc_new_vim.json
.myenv/conf/autokey/data/MySettings/.misc_screenshot.json
.myenv/conf/autokey/data/MySettings/.win_close.json
.myenv/conf/autokey/data/MySettings/.win_maximize.json
.myenv/conf/autokey/data/MySettings/.win_show_app_chrome.json
.myenv/conf/autokey/data/MySettings/.win_show_app_doublecmd.json
.myenv/conf/autokey/data/MySettings/.win_show_app_terminator.json
.myenv/conf/autokey/data/MySettings/.win_show_note_all.json
.myenv/conf/autokey/data/MySettings/.win_show_note_copy.json
.myenv/conf/autokey/data/MySettings/.win_show_note_tmp.json
.myenv/conf/autokey/data/MySettings/.win_show_note_todo.json
.myenv/conf/autokey/data/MySettings/A_Template.py
.myenv/conf/autokey/data/MySettings/misc_copy_to_file.py
.myenv/conf/autokey/data/MySettings/misc_desktop.py
.myenv/conf/autokey/data/MySettings/misc_new_vim.py
.myenv/conf/autokey/data/MySettings/misc_screenshot.py
.myenv/conf/autokey/data/MySettings/win_close.py
.myenv/conf/autokey/data/MySettings/win_maximize.py
.myenv/conf/autokey/data/MySettings/win_show_app_chrome.py
.myenv/conf/autokey/data/MySettings/win_show_app_doublecmd.py
.myenv/conf/autokey/data/MySettings/win_show_app_terminator.py
.myenv/conf/autokey/data/MySettings/win_show_note_all.py
.myenv/conf/autokey/data/MySettings/win_show_note_copy.py
.myenv/conf/autokey/data/MySettings/win_show_note_tmp.py
.myenv/conf/autokey/data/MySettings/win_show_note_todo.py
.myenv/conf/autokey/data/Sample/.Abbreviation_from_selection.json
.myenv/conf/autokey/data/Sample/.List_Menu.json
.myenv/conf/autokey/data/Sample/.Phrase_from_selection.json
.myenv/conf/autokey/data/Sample/.Selection_Test.json
.myenv/conf/autokey/data/Sample/.folder.json
.myenv/conf/autokey/data/Sample/Abbreviation_from_selection.py
.myenv/conf/autokey/data/Sample/List_Menu.py
.myenv/conf/autokey/data/Sample/Phrase_from_selection.py
.myenv/conf/autokey/data/Sample/Selection_Test.py
.myenv/conf/clipit/clipitrc
.myenv/conf/dircolors-basic/dir_colors
.myenv/conf/dircolors-solarized
.myenv/conf/doublecmd_lu/README
.myenv/conf/doublecmd_lu/doublecmd.err
.myenv/conf/doublecmd_lu/doublecmd.ext
.myenv/conf/doublecmd_lu/doublecmd.ext.example
.myenv/conf/doublecmd_lu/doublecmd.xml
.myenv/conf/doublecmd_lu/highlighters.xml
.myenv/conf/doublecmd_lu/history.xml
.myenv/conf/doublecmd_lu/multiarc.ini
.myenv/conf/doublecmd_lu/multiarc.ini.bak
.myenv/conf/doublecmd_lu/pixmaps.cache
.myenv/conf/doublecmd_lu/pixmaps.txt
.myenv/conf/doublecmd_lu/pwd.ini
.myenv/conf/doublecmd_lu/session.ini
.myenv/conf/doublecmd_lu/shortcuts.scf
.myenv/conf/doublecmd_lu/twilight.col
.myenv/conf/doublecmd_lu/z_deprecated_2013-08-04/cmdhistory.txt.obsolete
.myenv/conf/doublecmd_lu/z_deprecated_2013-08-04/default.bar.obsolete
.myenv/conf/doublecmd_lu/z_deprecated_2013-08-04/dirhistory.txt.obsolete
.myenv/conf/doublecmd_lu/z_deprecated_2013-08-04/editor.col.obsolete
.myenv/conf/doublecmd_lu/z_deprecated_2013-08-04/maskhistory.txt.obsolete
.myenv/conf/doublecmd_lu/z_deprecated_2013-08-04/replacehistory.txt.obsolete
.myenv/conf/doublecmd_lu/z_deprecated_2013-08-04/searchhistory.txt.obsolete
.myenv/conf/doublecmd_lu/z_deprecated_2013-08-04/shortcuts.scf.ini.obsolete
.myenv/conf/doublecmd_win/doublecmd.ext
.myenv/conf/doublecmd_win/doublecmd.ext.example
.myenv/conf/doublecmd_win/doublecmd.xml
.myenv/conf/doublecmd_win/highlighters.xml
.myenv/conf/doublecmd_win/history.xml
.myenv/conf/doublecmd_win/multiarc.ini
.myenv/conf/doublecmd_win/pixmaps.txt
.myenv/conf/doublecmd_win/pwd.ini
.myenv/conf/doublecmd_win/session.ini
.myenv/conf/doublecmd_win/shortcuts.scf
.myenv/conf/doublecmd_win/z_deprecated_2013-08-04/shortcuts.scf.ini.obsolete
.myenv/conf/foxit/README
.myenv/conf/foxit/foxit.desktop
.myenv/conf/foxit/foxit_icon.png
.myenv/conf/foxit/wine_foxit5
.myenv/conf/jdownloader/JDownloader.bat
.myenv/conf/mysql/conf.global.5.5.28.cnf
.myenv/conf/mysql/conf.mysql_me.cnf
.myenv/conf/mysql/conf.origin.5.5.28.cnf
.myenv/conf/mysql/ctrl.mysql_me.sh
.myenv/conf/mysql/init.compile.LU.sh
.myenv/conf/mysql/init.extract.LU.sh
.myenv/conf/mysql/init.install.LU.sh
.myenv/conf/terminator/A_NOTE_terminator.txt
.myenv/conf/terminator/config
.myenv/conf/terminator/config.bak.2013-06-09
.myenv/ctrl/mongo
.myenv/ctrl/mongo-start-cli.sh
.myenv/ctrl/mongo-start-server.sh
.myenv/ctrl/mongo-stop-server.sh
.myenv/ctrl/mongo.txt
.myenv/ctrl/mysql_me
.myenv/ctrl/redis_6379
.myenv/env_alias
.myenv/env_alias_lu
.myenv/env_alias_win
.myenv/env_func_bash
.myenv/env_var
.myenv/env_var_lu
.myenv/env_var_win
.myenv/env_var_win_32bit
.myenv/env_var_win_64bit
.myenv/env_var_win_cmd
.myenv/env_var_win_cyg
.myenv/init/TODO
.myenv/init/bash.sh
.myenv/init/csh.csh
.myenv/init/cygwin.bat
.myenv/init/dircolors.sh
.myenv/init/lu.linuxmint.sh
.myenv/init/lu.ubuntu.sh
.myenv/init/myenv.ro.LU.sh
.myenv/init/myenv.rw.LU.sh
.myenv/init/myenv.rw.WIN.ps1
.myenv/init/mysql
.myenv/init/php.compile.sh
.myenv/init/ruby.compile.LU.sh
.myenv/init/ruby.rvm.CYG.sh
.myenv/init/ruby.rvm.LU.sh
.myenv/init/vim.compile.CYG.sh
.myenv/init/vim.compile.LU.sh
.myenv/init/vim.plugin.sh
.myenv/init/win.alias.bat_deprecated
.myenv/init/win.assoc.ADMIN.bat
.myenv/init/win.reg.ADMIN.bat
.myenv/init/win.var.ADMIN.bat
.myenv/init/wine_app_install.sh
.myenv/init/wine_install.sh
.myenv/list/hosts_gen.sh
.myenv/list/hosts_update.sh
.myenv/list/myenv_fl_add.lst
.myenv/list/myenv_fl_gen.sh
.myenv/list/myenv_fl_git1.lst
.myenv/list/myenv_fl_git2.lst
.myenv/list/tags
.myenv/list/words_us
.myenv/todo/add_color_to_text.sh
.myenv/todo/colortable16.sh
.myenv/todo/colortable256.sh
.myenv/todo/get_option_test.sh
.myenv/todo/rdesktop.txt
.myenv/todo/refresh_http_to_static_file.sh
.myenv/todo/test.bat
.myenv/todo/wine-foxit.sh
.myenv/todo/wine_init.txt
.myenv/util/.fl_me.txt
.myenv/util/autoftp.exp
.myenv/util/autoftp.sh
.myenv/util/dated_backup.bat
.myenv/util/dated_delete.bat
.myenv/util/startup/reportIpAddr.bat
.myenv/util/startup/reportIpAddr.sh
.myenv/util/update/update_all_install_test.sh
.myenv/util/update/update_ensure_createGem.sh
.myenv/util/update/update_ensure_install.sh
.myenv/util/update/update_ensure_run.sh
.myenv/util/webzone/wz_pack.sh
.myenv/util/webzone/wz_unpack.sh
.myenv/util/win_alias/db.bat
.myenv/util/win_alias/dbackup.bat
.myenv/util/win_alias/dd.bat
.myenv/util/win_alias/ddelete.bat
.myenv/util/win_background.vbs
.myenv/util/win_ver.bat
.myenv/zdep/addRoute-Repeatable.bat
.myenv/zdep/backup_PF2_Prefixed_A_A-zip.sh
.myenv/zdep/backup_eclipse_configurations.bat
.myenv/zdep/backup_eclipse_plugins.bat
.myenv/zdep/backup_mysql_configuration.bat
.myenv/zdep/backup_working_dir.sh
.myenv/zdep/createDump_ftpUpload.sh
.myenv/zdep/dated_backup.sh
.myenv/zdep/dated_delete.sh
.myenv/zdep/grep_file.sh
.myenv/zdep/init_dir_ampc-Repeatable.bat
.myenv/zdep/init_dir_startupApp-Repeatable.bat
.myenv/zdep/init_env-repeatable_2011-05-27_02-11-21.bat
.myenv/zdep/init_env-repeatable_2011-05-27_04-20-37.bat
.myenv/zdep/init_vim_7.2_PA-Repeatable.bat
.myenv/zdep/listed_backup.sh
.myenv/zdep/mountDevByPfm.bat
.myenv/zdep/mybackup.sh
.myenv/zdep/script_a_tasksCenter.sh
.myenv/zdep/script_backupDev.bat
.myenv/zdep/script_backupDev.sh
.myenv/zdep/script_backupDev_exclude.lst
.myenv/zdep/script_backupMyenv_2012-05-22.lst
.myenv/zdep/script_backupMyenv_2012-05-22.sh
.myenv/zdep/script_backupProgram.bat
.myenv/zdep/script_backupProgram.sh
.myenv/zdep/script_backupProgram_exclude.lst
.myenv/zdep/script_myenv.lst
.myenv/zdep/script_myenv_backup.sh
.myenv/zdep/script_myenv_restore.sh
.myenv/zdep/set_a_startupApp-Repeatable.bat
.myenv/zdep/set_envVar-Repeatable.bat
.myenv/zdep/set_startupApp-Repeatable.bat
.myenv/zdep/starDict-Repeatable.bat
.myenv/zdep/startSymantecManagementClient-Repeatable.bat
.myenv/zdep/stopSymantecManagementClient-Repeatable.bat
.myenv/zdep/unmountDevByPfm.bat
.myenv/zdep/vim.bat
.myenv/zdep/win_vim.sh
.netrc
.restoreMyenv.bat
.restoreMyenv.sh
.rvmrc
.screenlayout/workpcII.sh
.screenrc
.startxwinrc
.tmux.conf
.unison/default.prf
.unison/deprecated/cs_workpc_workpcII_all.prf
.unison/deprecated/luspec.prf
.unison/deprecated/winall.prf
.unison/deprecated/windev.prf
.unison/deprecated/winm2.prf
.unison/deprecated/winpro.prf
.unison/fs_homelap_all.prf
.unison/fs_workpcII_all.prf
.vim/.netrwhist
.vim/autoload/pathogen.vim
.vim/bundle/MultipleSearch/autoload/MultipleSearch.vim
.vim/bundle/MultipleSearch/doc/MultipleSearch.txt
.vim/bundle/MultipleSearch/plugin/MultipleSearch.vim
.vim/bundle/conque/autoload/conque_term.vim
.vim/bundle/conque/autoload/conque_term/conque.py
.vim/bundle/conque/autoload/conque_term/conque_globals.py
.vim/bundle/conque/autoload/conque_term/conque_screen.py
.vim/bundle/conque/autoload/conque_term/conque_sole.py
.vim/bundle/conque/autoload/conque_term/conque_sole_communicator.py
.vim/bundle/conque/autoload/conque_term/conque_sole_shared_memory.py
.vim/bundle/conque/autoload/conque_term/conque_sole_subprocess.py
.vim/bundle/conque/autoload/conque_term/conque_sole_wrapper.py
.vim/bundle/conque/autoload/conque_term/conque_subprocess.py
.vim/bundle/conque/autoload/conque_term/conque_win32_util.py
.vim/bundle/conque/current_version_2.3.txt
.vim/bundle/conque/doc/conque_term.txt
.vim/bundle/conque/plugin/conque_term.vim
.vim/bundle/conque/syntax/conque_term.vim
.vim/bundle/ctrlp.vim
.vim/bundle/vim-colors-solarized
.vim/bundle/vim-pathogen
.vim/bundle/vim-repeat
.vim/bundle/vim-surround
.vimrc
.vrapperrc
.w3m/keymap
.w3m/menu.bak
vimfiles/.netrwhist
vimfiles/autoload/pathogen.vim
vimfiles/bundle/MultipleSearch/autoload/MultipleSearch.vim
vimfiles/bundle/MultipleSearch/doc/MultipleSearch.txt
vimfiles/bundle/MultipleSearch/plugin/MultipleSearch.vim
vimfiles/bundle/conque/autoload/conque_term.vim
vimfiles/bundle/conque/autoload/conque_term/conque.py
vimfiles/bundle/conque/autoload/conque_term/conque_globals.py
vimfiles/bundle/conque/autoload/conque_term/conque_screen.py
vimfiles/bundle/conque/autoload/conque_term/conque_sole.py
vimfiles/bundle/conque/autoload/conque_term/conque_sole_communicator.py
vimfiles/bundle/conque/autoload/conque_term/conque_sole_shared_memory.py
vimfiles/bundle/conque/autoload/conque_term/conque_sole_subprocess.py
vimfiles/bundle/conque/autoload/conque_term/conque_sole_wrapper.py
vimfiles/bundle/conque/autoload/conque_term/conque_subprocess.py
vimfiles/bundle/conque/autoload/conque_term/conque_win32_util.py
vimfiles/bundle/conque/current_version_2.3.txt
vimfiles/bundle/conque/doc/conque_term.txt
vimfiles/bundle/conque/plugin/conque_term.vim
vimfiles/bundle/conque/syntax/conque_term.vim
vimfiles/bundle/ctrlp.vim
vimfiles/bundle/vim-colors-solarized
vimfiles/bundle/vim-pathogen
vimfiles/bundle/vim-repeat
vimfiles/bundle/vim-surround
