.backupMyenv.bat
.backupMyenv.sh
.bash_profile
.bashrc
.cshrc
.dir_colors
.fonts/consola.ttf
.fonts/consolab.ttf
.fonts/consolai.ttf
.fonts/consolaz.ttf
.fonts/cour.ttf
.fonts/courbd.ttf
.fonts/courbi.ttf
.fonts/couri.ttf
.fonts/fonts.dir
.fonts/kde-override/fonts.dir
.gitattributes
.gitignore
.inputrc
.myenv/README.txt
.myenv/_viminfo
.myenv/a_inbox/colortable16.sh
.myenv/ahk/alttab.ahk
.myenv/ahk/alttab.ini
.myenv/ahk/autocorrect.ahk
.myenv/ahk/autocorrect.ahk.original
.myenv/ahk/myhotstring.ahk
.myenv/ahk/mysettings.ahk
.myenv/ahk/test.ahk
.myenv/ahk/z/BlackScreenSaver.scr
.myenv/ahk/z/BlackScreenSaver.scr_Candidate2
.myenv/ahk/z/ClipStep.ahk
.myenv/ahk/z/DesktopSwitch.ahk
.myenv/env_alias
.myenv/env_alias_lu_csh
.myenv/env_alias_lu_sh
.myenv/env_alias_win
.myenv/env_func_lu_sh
.myenv/env_var
.myenv/env_var_lu
.myenv/env_var_lu_sh
.myenv/env_var_win_32bit
.myenv/env_var_win_64bit
.myenv/env_var_win_common
.myenv/fl_gen_myenv.sh
.myenv/fl_myenv.list
.myenv/init/lu.csh
.myenv/init/lu.sh
.myenv/init/ruby.sh
.myenv/init/win.bat
.myenv/script_a_tasksCenter.sh
.myenv/script_backupDev.bat
.myenv/script_backupDev.sh
.myenv/script_backupDev_exclude.lst
.myenv/script_backupProgram.bat
.myenv/script_backupProgram.sh
.myenv/script_backupProgram_exclude.lst
.myenv/script_batNoWinMode.vbs
.myenv/script_fileAssoc-repeatable.bat
.myenv/script_ftp.exp
.myenv/script_ftpAuto.sh
.myenv/script_getWinVersion.bat
.myenv/script_grepNonBinFiles.sh
.myenv/script_myenv.lst
.myenv/script_myenv_backup.sh
.myenv/script_myenv_restore.sh
.myenv/script_vim.sh
.myenv/test.bat
.myenv/utilities/dated_backup.bat
.myenv/utilities/dated_backup.sh
.myenv/utilities/dated_delete.bat
.myenv/utilities/dated_delete.sh
.myenv/z_deprecated/addRoute-Repeatable.bat
.myenv/z_deprecated/backup_PF2_Prefixed_A_A-zip.sh
.myenv/z_deprecated/backup_eclipse_configurations.bat
.myenv/z_deprecated/backup_eclipse_plugins.bat
.myenv/z_deprecated/backup_mysql_configuration.bat
.myenv/z_deprecated/backup_working_dir.sh
.myenv/z_deprecated/createDump_ftpUpload.sh
.myenv/z_deprecated/init_dir_ampc-Repeatable.bat
.myenv/z_deprecated/init_dir_startupApp-Repeatable.bat
.myenv/z_deprecated/init_env-repeatable_2011-05-27_02-11-21.bat
.myenv/z_deprecated/init_env-repeatable_2011-05-27_04-20-37.bat
.myenv/z_deprecated/init_vim_7.2_PA-Repeatable.bat
.myenv/z_deprecated/mountDevByPfm.bat
.myenv/z_deprecated/script_backupMyenv_2012-05-22.lst
.myenv/z_deprecated/script_backupMyenv_2012-05-22.sh
.myenv/z_deprecated/script_myenv_backup.sh
.myenv/z_deprecated/script_myenv_restore.sh
.myenv/z_deprecated/set_a_startupApp-Repeatable.bat
.myenv/z_deprecated/set_envVar-Repeatable.bat
.myenv/z_deprecated/set_startupApp-Repeatable.bat
.myenv/z_deprecated/starDict-Repeatable.bat
.myenv/z_deprecated/startSymantecManagementClient-Repeatable.bat
.myenv/z_deprecated/stopSymantecManagementClient-Repeatable.bat
.myenv/z_deprecated/unmountDevByPfm.bat
.myenv/z_deprecated/vim.bat
.netrc
.restoreMyenv.bat
.restoreMyenv.sh
.vim/autoload/pathogen.vim
.vim/bundle/MultipleSearch/autoload/MultipleSearch.vim
.vim/bundle/MultipleSearch/doc/MultipleSearch.txt
.vim/bundle/MultipleSearch/plugin/MultipleSearch.vim
.vim/bundle/ctrlp/autoload/ctrlp.vim
.vim/bundle/ctrlp/autoload/ctrlp/bookmarkdir.vim
.vim/bundle/ctrlp/autoload/ctrlp/buffertag.vim
.vim/bundle/ctrlp/autoload/ctrlp/changes.vim
.vim/bundle/ctrlp/autoload/ctrlp/dir.vim
.vim/bundle/ctrlp/autoload/ctrlp/line.vim
.vim/bundle/ctrlp/autoload/ctrlp/mixed.vim
.vim/bundle/ctrlp/autoload/ctrlp/mrufiles.vim
.vim/bundle/ctrlp/autoload/ctrlp/quickfix.vim
.vim/bundle/ctrlp/autoload/ctrlp/rtscript.vim
.vim/bundle/ctrlp/autoload/ctrlp/tag.vim
.vim/bundle/ctrlp/autoload/ctrlp/undo.vim
.vim/bundle/ctrlp/autoload/ctrlp/utils.vim
.vim/bundle/ctrlp/doc/ctrlp.txt
.vim/bundle/ctrlp/plugin/ctrlp.vim
.vim/bundle/ctrlp/readme.md
.vim/bundle/repeat/plugin/repeat.vim
.vim/bundle/surround/doc/surround.txt
.vim/bundle/surround/plugin/surround.vim
.vimrc
vimfiles/.netrwhist
vimfiles/autoload/pathogen.vim
vimfiles/bundle/MultipleSearch/autoload/MultipleSearch.vim
vimfiles/bundle/MultipleSearch/doc/MultipleSearch.txt
vimfiles/bundle/MultipleSearch/plugin/MultipleSearch.vim
vimfiles/bundle/ctrlp/autoload/ctrlp.vim
vimfiles/bundle/ctrlp/autoload/ctrlp/bookmarkdir.vim
vimfiles/bundle/ctrlp/autoload/ctrlp/buffertag.vim
vimfiles/bundle/ctrlp/autoload/ctrlp/changes.vim
vimfiles/bundle/ctrlp/autoload/ctrlp/dir.vim
vimfiles/bundle/ctrlp/autoload/ctrlp/line.vim
vimfiles/bundle/ctrlp/autoload/ctrlp/mixed.vim
vimfiles/bundle/ctrlp/autoload/ctrlp/mrufiles.vim
vimfiles/bundle/ctrlp/autoload/ctrlp/quickfix.vim
vimfiles/bundle/ctrlp/autoload/ctrlp/rtscript.vim
vimfiles/bundle/ctrlp/autoload/ctrlp/tag.vim
vimfiles/bundle/ctrlp/autoload/ctrlp/undo.vim
vimfiles/bundle/ctrlp/autoload/ctrlp/utils.vim
vimfiles/bundle/ctrlp/doc/ctrlp.txt
vimfiles/bundle/ctrlp/plugin/ctrlp.vim
vimfiles/bundle/ctrlp/readme.md
vimfiles/bundle/repeat/plugin/repeat.vim
vimfiles/bundle/surround/doc/surround.txt
vimfiles/bundle/surround/plugin/surround.vim
