.backupMyenv.bat
.backupMyenv.sh
.bash_profile
.bashrc
.cshrc
.dir_colors
.fonts/consola.ttf
.fonts/consolab.ttf
.fonts/consolai.ttf
.fonts/consolaz.ttf
.fonts/cour.ttf
.fonts/courbd.ttf
.fonts/courbi.ttf
.fonts/couri.ttf
.fonts/fonts.dir
.fonts/kde-override/fonts.dir
.gitattributes
.gitignore
.inputrc
.myenv/README.txt
.myenv/_viminfo
.myenv/conf/dircolors_basic/dir_colors
.myenv/conf/dircolors_solarized
.myenv/env_alias
.myenv/env_alias_lu_bash
.myenv/env_alias_lu_csh
.myenv/env_alias_win
.myenv/env_func_lu_sh
.myenv/env_var
.myenv/env_var_lu
.myenv/env_var_lu_bash
.myenv/env_var_win_32bit
.myenv/env_var_win_64bit
.myenv/env_var_win_common
.myenv/init/dircolors.sh
.myenv/init/lu_bash.sh
.myenv/init/lu_csh.csh
.myenv/init/mysql_all.sh
.myenv/init/vim_plugin.sh
.myenv/init/win.bat
.myenv/init/win_assoc.bat
.myenv/list/hosts.lst
.myenv/list/hosts_append.sh
.myenv/list/hosts_gen.sh
.myenv/list/myenv.lst
.myenv/list/myenv_gen.sh
.myenv/list/myenv_secu.lst
.myenv/script_a_tasksCenter.sh
.myenv/script_backupDev.bat
.myenv/script_backupDev.sh
.myenv/script_backupDev_exclude.lst
.myenv/script_backupProgram.bat
.myenv/script_backupProgram.sh
.myenv/script_backupProgram_exclude.lst
.myenv/script_myenv.lst
.myenv/script_myenv_backup.sh
.myenv/script_myenv_restore.sh
.myenv/test.bat
.myenv/todo/colortable16.sh
.myenv/todo/get_option_test.sh
.myenv/todo/lu_software_install.sh
.myenv/util/ahk/alttab.ahk
.myenv/util/ahk/alttab.ini
.myenv/util/ahk/autocorrect.ahk
.myenv/util/ahk/autocorrect.ahk.original
.myenv/util/ahk/myhotstring.ahk
.myenv/util/ahk/mysettings.ahk
.myenv/util/ahk/test.ahk
.myenv/util/ahk/z/BlackScreenSaver.scr
.myenv/util/ahk/z/BlackScreenSaver.scr_Candidate2
.myenv/util/ahk/z/ClipStep.ahk
.myenv/util/ahk/z/DesktopSwitch.ahk
.myenv/util/autoftp.exp
.myenv/util/autoftp.sh
.myenv/util/dated_backup.bat
.myenv/util/dated_backup.sh
.myenv/util/dated_delete.bat
.myenv/util/dated_delete.sh
.myenv/util/grep_file.sh
.myenv/util/listed_backup.sh
.myenv/util/win_background.vbs
.myenv/util/win_ver.bat
.myenv/util/win_vim.sh
.myenv/zdep/addRoute-Repeatable.bat
.myenv/zdep/backup_PF2_Prefixed_A_A-zip.sh
.myenv/zdep/backup_eclipse_configurations.bat
.myenv/zdep/backup_eclipse_plugins.bat
.myenv/zdep/backup_mysql_configuration.bat
.myenv/zdep/backup_working_dir.sh
.myenv/zdep/createDump_ftpUpload.sh
.myenv/zdep/init_dir_ampc-Repeatable.bat
.myenv/zdep/init_dir_startupApp-Repeatable.bat
.myenv/zdep/init_env-repeatable_2011-05-27_02-11-21.bat
.myenv/zdep/init_env-repeatable_2011-05-27_04-20-37.bat
.myenv/zdep/init_vim_7.2_PA-Repeatable.bat
.myenv/zdep/mountDevByPfm.bat
.myenv/zdep/script_backupMyenv_2012-05-22.lst
.myenv/zdep/script_backupMyenv_2012-05-22.sh
.myenv/zdep/script_myenv_backup.sh
.myenv/zdep/script_myenv_restore.sh
.myenv/zdep/set_a_startupApp-Repeatable.bat
.myenv/zdep/set_envVar-Repeatable.bat
.myenv/zdep/set_startupApp-Repeatable.bat
.myenv/zdep/starDict-Repeatable.bat
.myenv/zdep/startSymantecManagementClient-Repeatable.bat
.myenv/zdep/stopSymantecManagementClient-Repeatable.bat
.myenv/zdep/unmountDevByPfm.bat
.myenv/zdep/vim.bat
.netrc
.restoreMyenv.bat
.restoreMyenv.sh
.screenrc
.tmux.conf
.vim/.netrwhist
.vim/autoload/pathogen.vim
.vim/bundle/MultipleSearch/autoload/MultipleSearch.vim
.vim/bundle/MultipleSearch/doc/MultipleSearch.txt
.vim/bundle/MultipleSearch/plugin/MultipleSearch.vim
.vim/bundle/ctrlp/autoload/ctrlp.vim
.vim/bundle/ctrlp/autoload/ctrlp/bookmarkdir.vim
.vim/bundle/ctrlp/autoload/ctrlp/buffertag.vim
.vim/bundle/ctrlp/autoload/ctrlp/changes.vim
.vim/bundle/ctrlp/autoload/ctrlp/dir.vim
.vim/bundle/ctrlp/autoload/ctrlp/line.vim
.vim/bundle/ctrlp/autoload/ctrlp/mixed.vim
.vim/bundle/ctrlp/autoload/ctrlp/mrufiles.vim
.vim/bundle/ctrlp/autoload/ctrlp/quickfix.vim
.vim/bundle/ctrlp/autoload/ctrlp/rtscript.vim
.vim/bundle/ctrlp/autoload/ctrlp/tag.vim
.vim/bundle/ctrlp/autoload/ctrlp/undo.vim
.vim/bundle/ctrlp/autoload/ctrlp/utils.vim
.vim/bundle/ctrlp/doc/ctrlp.txt
.vim/bundle/ctrlp/plugin/ctrlp.vim
.vim/bundle/ctrlp/readme.md
.vim/bundle/vim-colors-solarized
.vim/bundle/vim-pathogen
.vim/bundle/vim-repeat
.vim/bundle/vim-surround
.vimrc
vimfiles/.netrwhist
vimfiles/autoload/pathogen.vim
vimfiles/bundle/MultipleSearch/autoload/MultipleSearch.vim
vimfiles/bundle/MultipleSearch/doc/MultipleSearch.txt
vimfiles/bundle/MultipleSearch/plugin/MultipleSearch.vim
vimfiles/bundle/ctrlp/autoload/ctrlp.vim
vimfiles/bundle/ctrlp/autoload/ctrlp/bookmarkdir.vim
vimfiles/bundle/ctrlp/autoload/ctrlp/buffertag.vim
vimfiles/bundle/ctrlp/autoload/ctrlp/changes.vim
vimfiles/bundle/ctrlp/autoload/ctrlp/dir.vim
vimfiles/bundle/ctrlp/autoload/ctrlp/line.vim
vimfiles/bundle/ctrlp/autoload/ctrlp/mixed.vim
vimfiles/bundle/ctrlp/autoload/ctrlp/mrufiles.vim
vimfiles/bundle/ctrlp/autoload/ctrlp/quickfix.vim
vimfiles/bundle/ctrlp/autoload/ctrlp/rtscript.vim
vimfiles/bundle/ctrlp/autoload/ctrlp/tag.vim
vimfiles/bundle/ctrlp/autoload/ctrlp/undo.vim
vimfiles/bundle/ctrlp/autoload/ctrlp/utils.vim
vimfiles/bundle/ctrlp/doc/ctrlp.txt
vimfiles/bundle/ctrlp/plugin/ctrlp.vim
vimfiles/bundle/ctrlp/readme.md
vimfiles/bundle/repeat/plugin/repeat.vim
vimfiles/bundle/surround/doc/surround.txt
vimfiles/bundle/surround/plugin/surround.vim
vimfiles/bundle/vim-colors-solarized
